// Jest Snapshot v1, https://goo.gl/fbAQLP

exports[`MovieComponent should match the snapshot with given inputs 1`] = `
<div
  className="css-h5tpbd"
>
  <div
    className="css-bxd89m"
  >
    <a
      href="/movie-details/2"
      onClick={[Function]}
    >
      <img
        alt="main image"
        src="https://image.tmdb.org/t/p/w500path "
      />
    </a>
    <div
      className="css-1nkcf6k"
    >
      <div
        className="user-actions"
      >
        <span
          className="rating"
        >
          vote_avg
          <span
            className="glyphicon glyphicon-star"
          />
        </span>
        <span
          className="year"
        >
          <span
            className="glyphicon glyphicon-calendar"
          />
          2019
        </span>
      </div>
    </div>
    <div
      className="css-1w2z22x"
    >
      <h3>
        title
      </h3>
      <span
        className="genre"
      >
        Action
      </span>
      <p>
        <a
          href="/movie-details/2"
          onClick={[Function]}
        >
          View Details
        </a>
      </p>
    </div>
  </div>
</div>
`;
