// Jest Snapshot v1, https://goo.gl/fbAQLP

exports[`Login Component render the component, with form 1`] = `
<div
  className="css-1k2uugu"
>
  <form
    onSubmit={[Function]}
  >
    <div
      className="form-group"
    >
      <h3>
        Log In
      </h3>
      <div>
        <label />
        <div>
          <input
            className="form-control "
            name="email"
            onBlur={[Function]}
            onChange={[Function]}
            onDragStart={[Function]}
            onDrop={[Function]}
            onFocus={[Function]}
            placeholder="User name"
            type="text"
            value=""
          />
          <em />
        </div>
      </div>
      <div>
        <label />
        <div>
          <input
            className="form-control "
            name="password"
            onBlur={[Function]}
            onChange={[Function]}
            onDragStart={[Function]}
            onDrop={[Function]}
            onFocus={[Function]}
            placeholder="Password"
            type="password"
            value=""
          />
          <em />
        </div>
      </div>
    </div>
    <button
      className="btn btn-primary"
      disabled={false}
      type="submit"
    >
      Log in
    </button>
    <a
      className="btn btn-warning"
      href="/movies"
      onClick={[Function]}
    >
      Cancel
    </a>
    <a
      className="nav-link"
      href="/register"
      onClick={[Function]}
    >
      Register
    </a>
    <a
      className="nav-link"
      href="/password-reset"
      onClick={[Function]}
    >
      Forgot Password?
    </a>
  </form>
</div>
`;
